// Jest Snapshot v1, https://goo.gl/fbAQLP

exports[`List products component should render the component 1`] = `
<ListProductComponent
  fetchStoreData={
    [MockFunction] {
      "calls": Array [
        Array [],
      ],
      "results": Array [
        Object {
          "type": "return",
          "value": undefined,
        },
      ],
    }
  }
  products={Object {}}
/>
`;
